// Jest Snapshot v1, https://goo.gl/fbAQLP

exports[`should render Paginator without crashing 1`] = `
.c0 {
  display: -webkit-box;
  display: -webkit-flex;
  display: -ms-flexbox;
  display: flex;
  -webkit-box-pack: center;
  -webkit-justify-content: center;
  -ms-flex-pack: center;
  justify-content: center;
  width: 100%;
}

.c1 {
  padding: 10px 0 0 0;
}

.c1 > div {
  color: #666;
  -webkit-flex-direction: column;
  -ms-flex-direction: column;
  flex-direction: column;
  font-size: 12px;
  height: auto;
  min-height: 0;
  padding: 0;
}

@media (min-width:768px) {
  .c0 {
    -webkit-box-pack: end;
    -webkit-justify-content: flex-end;
    -ms-flex-pack: end;
    justify-content: flex-end;
  }
}

@media (min-width:768px) {
  .c1 > div {
    -webkit-flex-direction: row;
    -ms-flex-direction: row;
    flex-direction: row;
  }
}

<div>
  <div
    class="c0"
  >
    <div
      class="MuiTablePagination-root c1"
    >
      <div
        class="MuiToolbar-root MuiToolbar-regular MuiTablePagination-toolbar MuiToolbar-gutters"
      >
        <div
          class="MuiTablePagination-spacer"
        />
        <p
          class="MuiTypography-root MuiTablePagination-caption MuiTypography-body2 MuiTypography-colorInherit"
        >
          Rows per page:
        </p>
        <div
          class="MuiInputBase-root MuiTablePagination-input MuiTablePagination-selectRoot"
        >
          <select
            aria-label="rows per page"
            class="MuiSelect-root MuiSelect-select MuiTablePagination-select MuiInputBase-input MuiInputBase-inputSelect"
          >
            <option
              class="MuiTablePagination-menuItem"
              value="25"
            >
              25
            </option>
            <option
              class="MuiTablePagination-menuItem"
              value="50"
            >
              50
            </option>
            <option
              class="MuiTablePagination-menuItem"
              value="100"
            >
              100
            </option>
            <option
              class="MuiTablePagination-menuItem"
              value="200"
            >
              200
            </option>
          </select>
          <svg
            aria-hidden="true"
            class="MuiSvgIcon-root MuiSelect-icon MuiTablePagination-selectIcon"
            focusable="false"
            role="presentation"
            viewBox="0 0 24 24"
          >
            <path
              d="M7 10l5 5 5-5z"
            />
          </svg>
        </div>
        <p
          class="MuiTypography-root MuiTablePagination-caption MuiTypography-body2 MuiTypography-colorInherit"
        >
          1-10 of 60
        </p>
        <div
          style="flex-shrink: 0;"
        >
          <button
            aria-label="first page"
            class="MuiButtonBase-root MuiIconButton-root Mui-disabled Mui-disabled"
            disabled=""
            tabindex="-1"
            type="button"
          >
            <span
              class="MuiIconButton-label"
            >
              <svg
                aria-hidden="true"
                class="MuiSvgIcon-root"
                focusable="false"
                role="presentation"
                viewBox="0 0 24 24"
              >
                <path
                  d="M18.41 16.59L13.82 12l4.59-4.59L17 6l-6 6 6 6zM6 6h2v12H6z"
                />
                <path
                  d="M24 24H0V0h24v24z"
                  fill="none"
                />
              </svg>
            </span>
          </button>
          <button
            aria-label="previous page"
            class="MuiButtonBase-root MuiIconButton-root Mui-disabled Mui-disabled"
            disabled=""
            tabindex="-1"
            type="button"
          >
            <span
              class="MuiIconButton-label"
            >
              <svg
                aria-hidden="true"
                class="MuiSvgIcon-root"
                focusable="false"
                role="presentation"
                viewBox="0 0 24 24"
              >
                <path
                  d="M15.41 16.59L10.83 12l4.58-4.59L14 6l-6 6 6 6 1.41-1.41z"
                />
              </svg>
            </span>
          </button>
          <button
            aria-label="next page"
            class="MuiButtonBase-root MuiIconButton-root"
            tabindex="0"
            type="button"
          >
            <span
              class="MuiIconButton-label"
            >
              <svg
                aria-hidden="true"
                class="MuiSvgIcon-root"
                focusable="false"
                role="presentation"
                viewBox="0 0 24 24"
              >
                <path
                  d="M8.59 16.59L13.17 12 8.59 7.41 10 6l6 6-6 6-1.41-1.41z"
                />
              </svg>
            </span>
            <span
              class="MuiTouchRipple-root"
            />
          </button>
          <button
            aria-label="last page"
            class="MuiButtonBase-root MuiIconButton-root"
            tabindex="0"
            type="button"
          >
            <span
              class="MuiIconButton-label"
            >
              <svg
                aria-hidden="true"
                class="MuiSvgIcon-root"
                focusable="false"
                role="presentation"
                viewBox="0 0 24 24"
              >
                <path
                  d="M5.59 7.41L10.18 12l-4.59 4.59L7 18l6-6-6-6zM16 6h2v12h-2z"
                />
              </svg>
            </span>
            <span
              class="MuiTouchRipple-root"
            />
          </button>
        </div>
      </div>
    </div>
  </div>
</div>
`;
