// Jest Snapshot v1, https://goo.gl/fbAQLP

exports[`renders EnhancedTableHead 1`] = `
.c0 {
  color: #999;
  font-size: 12px;
  white-space: nowrap;
}

.c0 + svg {
  opacity: 1;
}

<div>
  <table
    class="MuiTable-root"
  >
    <thead
      class="MuiTableHead-root"
    >
      <tr
        class="MuiTableRow-root MuiTableRow-head"
      >
        <th
          class="MuiTableCell-root MuiTableCell-head"
          scope="col"
          style="padding-right: 5px; display: table-cell;"
        >
          <span
            class="c0"
            style="justify-content: flex-start; display: flex; cursor: pointer;"
          >
            Task ID
          </span>
        </th>
        <th
          class="MuiTableCell-root showOnDesktop MuiTableCell-head"
          scope="col"
          style="padding-right: 5px; display: none;"
        >
          <span
            class="c0"
            style="justify-content: flex-start; display: flex; cursor: pointer;"
          >
            Secret Contact Address
          </span>
        </th>
        <th
          class="MuiTableCell-root showOnDesktop MuiTableCell-head"
          scope="col"
          style="padding-right: 5px; display: none;"
        >
          <span
            class="c0"
            style="justify-content: flex-start; display: flex; cursor: pointer;"
          >
            Worker Address (Ethereum)
          </span>
        </th>
        <th
          aria-sort="ascending"
          class="MuiTableCell-root MuiTableCell-head"
          scope="col"
          style="padding-right: 5px; display: table-cell;"
        >
          <span
            aria-disabled="false"
            class="MuiButtonBase-root MuiTableSortLabel-root MuiTableSortLabel-active"
            role="button"
            style="justify-content: center; display: flex;"
            tabindex="0"
          >
            <span
              class="c0"
            >
              Status
            </span>
            <svg
              aria-hidden="true"
              class="MuiSvgIcon-root MuiTableSortLabel-icon MuiTableSortLabel-iconDirectionAsc"
              focusable="false"
              role="presentation"
              viewBox="0 0 24 24"
            >
              <path
                d="M20 12l-1.41-1.41L13 16.17V4h-2v12.17l-5.58-5.59L4 12l8 8 8-8z"
              />
            </svg>
          </span>
        </th>
        <th
          class="MuiTableCell-root showOnDesktop MuiTableCell-head"
          scope="col"
          style="padding-right: 5px; display: none;"
        >
          <span
            class="c0"
            style="justify-content: center; display: flex; cursor: pointer;"
          >
            Sent On
          </span>
        </th>
        <th
          class="MuiTableCell-root showOnDesktop MuiTableCell-head"
          scope="col"
          style="padding-right: 5px; display: none;"
        >
          <span
            class="c0"
            style="justify-content: center; display: flex; cursor: pointer;"
          >
            Completed On
          </span>
        </th>
      </tr>
    </thead>
  </table>
</div>
`;
